// Vitest Snapshot v1, https://vitest.dev/guide/snapshot.html

exports[`renders homepage unchanged 1`] = `
<div>
  <div
    class="flex items-center justify-center min-h-svh"
  >
    <div
      class="flex flex-col items-center justify-center gap-4"
    >
      <h1
        class="text-2xl font-bold"
      >
        Hello World
      </h1>
      <button
        class="rounded-full inline-flex items-center justify-center whitespace-nowrap text-sm font-medium transition-all disabled:pointer-events-none disabled:opacity-50 [&_svg]:pointer-events-none [&_svg:not([class*='size-'])]:size-4 shrink-0 [&_svg]:shrink-0 outline-none focus-visible:border-ring focus-visible:ring-ring/50 focus-visible:ring-[3px] aria-invalid:ring-destructive/20 dark:aria-invalid:ring-destructive/40 aria-invalid:border-destructive hover:cursor-pointer bg-surface text-primary-foreground shadow-xs hover:bg-surface/90 h-8 gap-1.5 px-3 has-[>svg]:px-2.5"
        data-slot="button"
      >
        Button
      </button>
    </div>
  </div>
</div>
`;
